// Jest Snapshot v1, https://goo.gl/fbAQLP

exports[`Search Box should render correctly 1`] = `
<Card
  tag="div"
>
  <form
    className="d-flex form"
    onSubmit={[Function]}
  >
    <Input
      className="search-input"
      name="search"
      onChange={[Function]}
      placeholder="Please enter a word to find synonims"
      type="text"
      value=""
    />
    <ThemeButton
      className="button"
    >
      Search
    </ThemeButton>
  </form>
  <_temp
    isLoading={true}
    reloadData={[Function]}
    synonymList={Array []}
  />
</Card>
`;
