// Jest Snapshot v1, https://goo.gl/fbAQLP

exports[`Application should render correctly 1`] = `
<div>
  <ToastContainer
    autoClose={5000}
    bodyClassName={null}
    className={null}
    closeButton={
      <CloseButton
        ariaLabel="close"
      />
    }
    closeOnClick={true}
    draggable={true}
    draggablePercent={80}
    hideProgressBar={false}
    newestOnTop={false}
    pauseOnFocusLoss={true}
    pauseOnHover={true}
    position="top-right"
    progressClassName={null}
    progressStyle={null}
    rtl={false}
    style={null}
    toastClassName={null}
    transition={[Function]}
  />
  <Header />
  <Container
    tag="div"
  >
    <Switch>
      <Route
        component={[Function]}
        exact={true}
        key="/"
        path="/"
      />
      <Route
        component={[Function]}
        exact={true}
        key="/dictionary"
        path="/dictionary"
      />
      <Route
        component={[Function]}
      />
    </Switch>
  </Container>
</div>
`;
